<?xml version="1.0" encoding="UTF-8"?>
<TestRun id="2db89a16-5470-4953-9ac4-26b7f0a01bef" name="Irina@IPC 2010-10-20 11:11:56" runUser="IPC\Irina" xmlns="http://microsoft.com/schemas/VisualStudio/TeamTest/2010">
  <TestSettings name="Default Test Settings" id="91d73d23-33cd-495b-8549-20769f89d719">
    <Deployment runDeploymentRoot="Irina_IPC 2010-10-20 11_11_56">
      <DeploymentItem filename="C:\Users\Irina\Documents\VIPER\viper-wiki\csharp\MvcApplication2\MvcApplication2\bin\MvcApplication2.dll" />
    </Deployment>
    <Execution>
      <TestTypeSpecific />
      <AgentRule name="Execution Agents">
      </AgentRule>
    </Execution>
  </TestSettings>
  <Times creation="2010-10-20T11:11:56.6723996+02:00" queuing="2010-10-20T11:12:02.2407180+02:00" start="2010-10-20T11:12:02.4617307+02:00" finish="2010-10-20T11:12:05.2038875+02:00" />
  <ResultSummary outcome="Completed">
    <Counters total="17" executed="17" passed="17" error="0" failed="0" timeout="0" aborted="0" inconclusive="0" passedButRunAborted="0" notRunnable="0" notExecuted="0" disconnected="0" warning="0" completed="0" inProgress="0" pending="0" />
  </ResultSummary>
  <TestDefinitions>
    <UnitTest name="ChangePassword_Post_ReturnsRedirectOnSuccess" storage="c:\users\irina\documents\viper\viper-wiki\csharp\mvcapplication2\viper-wiki\bin\debug\viper-wiki.dll" id="5cba14b5-e5ee-c2b1-a06b-37bed6f93c4a">
      <Execution id="a3be8a04-e7bb-4b21-9c2a-72b74adbd095" />
      <TestMethod codeBase="C:/Users/Irina/Documents/VIPER/viper-wiki/csharp/MvcApplication2/viper-wiki/bin/Debug/viper-wiki.DLL" adapterTypeName="Microsoft.VisualStudio.TestTools.TestTypes.Unit.UnitTestAdapter, Microsoft.VisualStudio.QualityTools.Tips.UnitTest.Adapter, Version=10.0.0.0, Culture=neutral, PublicKeyToken=b03f5f7f11d50a3a" className="viper_wiki.Controllers.AccountControllerTest, viper-wiki, Version=1.0.0.0, Culture=neutral, PublicKeyToken=null" name="ChangePassword_Post_ReturnsRedirectOnSuccess" />
    </UnitTest>
    <UnitTest name="Index" storage="c:\users\irina\documents\viper\viper-wiki\csharp\mvcapplication2\viper-wiki\bin\debug\viper-wiki.dll" id="293f5a52-3520-c72e-870f-9e93a0146d1c">
      <Execution id="14f81b59-6bc4-4ada-b18e-5f3f18efe786" />
      <TestMethod codeBase="C:/Users/Irina/Documents/VIPER/viper-wiki/csharp/MvcApplication2/viper-wiki/bin/Debug/viper-wiki.DLL" adapterTypeName="Microsoft.VisualStudio.TestTools.TestTypes.Unit.UnitTestAdapter, Microsoft.VisualStudio.QualityTools.Tips.UnitTest.Adapter, Version=10.0.0.0, Culture=neutral, PublicKeyToken=b03f5f7f11d50a3a" className="viper_wiki.Controllers.HomeControllerTest, viper-wiki, Version=1.0.0.0, Culture=neutral, PublicKeyToken=null" name="Index" />
    </UnitTest>
    <UnitTest name="LogOn_Post_ReturnsRedirectOnSuccess_WithReturnUrl" storage="c:\users\irina\documents\viper\viper-wiki\csharp\mvcapplication2\viper-wiki\bin\debug\viper-wiki.dll" id="5133da90-7b3c-2eda-4202-818db91a4da7">
      <Execution id="02857f38-b598-4daf-b79f-6ef6a5a43bc7" />
      <TestMethod codeBase="C:/Users/Irina/Documents/VIPER/viper-wiki/csharp/MvcApplication2/viper-wiki/bin/Debug/viper-wiki.DLL" adapterTypeName="Microsoft.VisualStudio.TestTools.TestTypes.Unit.UnitTestAdapter, Microsoft.VisualStudio.QualityTools.Tips.UnitTest.Adapter, Version=10.0.0.0, Culture=neutral, PublicKeyToken=b03f5f7f11d50a3a" className="viper_wiki.Controllers.AccountControllerTest, viper-wiki, Version=1.0.0.0, Culture=neutral, PublicKeyToken=null" name="LogOn_Post_ReturnsRedirectOnSuccess_WithReturnUrl" />
    </UnitTest>
    <UnitTest name="ChangePassword_Get_ReturnsView" storage="c:\users\irina\documents\viper\viper-wiki\csharp\mvcapplication2\viper-wiki\bin\debug\viper-wiki.dll" id="3078c832-02b5-87f6-9974-ff8aad357270">
      <Execution id="c701d8ea-72ab-4ade-aba6-3b5faac9308b" />
      <TestMethod codeBase="C:/Users/Irina/Documents/VIPER/viper-wiki/csharp/MvcApplication2/viper-wiki/bin/Debug/viper-wiki.DLL" adapterTypeName="Microsoft.VisualStudio.TestTools.TestTypes.Unit.UnitTestAdapter, Microsoft.VisualStudio.QualityTools.Tips.UnitTest.Adapter, Version=10.0.0.0, Culture=neutral, PublicKeyToken=b03f5f7f11d50a3a" className="viper_wiki.Controllers.AccountControllerTest, viper-wiki, Version=1.0.0.0, Culture=neutral, PublicKeyToken=null" name="ChangePassword_Get_ReturnsView" />
    </UnitTest>
    <UnitTest name="Register_Post_ReturnsViewIfModelStateIsInvalid" storage="c:\users\irina\documents\viper\viper-wiki\csharp\mvcapplication2\viper-wiki\bin\debug\viper-wiki.dll" id="bd3d8429-1fcc-7793-6a46-984fc66b3726">
      <Execution id="ff240b57-2ad0-4ddb-9f94-fa5553a8439b" />
      <TestMethod codeBase="C:/Users/Irina/Documents/VIPER/viper-wiki/csharp/MvcApplication2/viper-wiki/bin/Debug/viper-wiki.DLL" adapterTypeName="Microsoft.VisualStudio.TestTools.TestTypes.Unit.UnitTestAdapter, Microsoft.VisualStudio.QualityTools.Tips.UnitTest.Adapter, Version=10.0.0.0, Culture=neutral, PublicKeyToken=b03f5f7f11d50a3a" className="viper_wiki.Controllers.AccountControllerTest, viper-wiki, Version=1.0.0.0, Culture=neutral, PublicKeyToken=null" name="Register_Post_ReturnsViewIfModelStateIsInvalid" />
    </UnitTest>
    <UnitTest name="ChangePasswordSuccess_ReturnsView" storage="c:\users\irina\documents\viper\viper-wiki\csharp\mvcapplication2\viper-wiki\bin\debug\viper-wiki.dll" id="a06cb7d7-498c-063d-7c92-66bc6db7094d">
      <Execution id="3fd53611-1596-48da-9e0c-70c855543d31" />
      <TestMethod codeBase="C:/Users/Irina/Documents/VIPER/viper-wiki/csharp/MvcApplication2/viper-wiki/bin/Debug/viper-wiki.DLL" adapterTypeName="Microsoft.VisualStudio.TestTools.TestTypes.Unit.UnitTestAdapter, Microsoft.VisualStudio.QualityTools.Tips.UnitTest.Adapter, Version=10.0.0.0, Culture=neutral, PublicKeyToken=b03f5f7f11d50a3a" className="viper_wiki.Controllers.AccountControllerTest, viper-wiki, Version=1.0.0.0, Culture=neutral, PublicKeyToken=null" name="ChangePasswordSuccess_ReturnsView" />
    </UnitTest>
    <UnitTest name="About" storage="c:\users\irina\documents\viper\viper-wiki\csharp\mvcapplication2\viper-wiki\bin\debug\viper-wiki.dll" id="5955a081-a4aa-b278-56a4-81adc5da6ec2">
      <Execution id="2d4cdfbe-d5dc-425a-920b-f670050dc2ca" />
      <TestMethod codeBase="C:/Users/Irina/Documents/VIPER/viper-wiki/csharp/MvcApplication2/viper-wiki/bin/Debug/viper-wiki.DLL" adapterTypeName="Microsoft.VisualStudio.TestTools.TestTypes.Unit.UnitTestAdapter, Microsoft.VisualStudio.QualityTools.Tips.UnitTest.Adapter, Version=10.0.0.0, Culture=neutral, PublicKeyToken=b03f5f7f11d50a3a" className="viper_wiki.Controllers.HomeControllerTest, viper-wiki, Version=1.0.0.0, Culture=neutral, PublicKeyToken=null" name="About" />
    </UnitTest>
    <UnitTest name="LogOn_Post_ReturnsViewIfModelStateIsInvalid" storage="c:\users\irina\documents\viper\viper-wiki\csharp\mvcapplication2\viper-wiki\bin\debug\viper-wiki.dll" id="75b078fc-0e35-02cc-62cb-6bdefd52e9ce">
      <Execution id="d8cdaae2-49db-4e3a-a53f-e56fd890bc7c" />
      <TestMethod codeBase="C:/Users/Irina/Documents/VIPER/viper-wiki/csharp/MvcApplication2/viper-wiki/bin/Debug/viper-wiki.DLL" adapterTypeName="Microsoft.VisualStudio.TestTools.TestTypes.Unit.UnitTestAdapter, Microsoft.VisualStudio.QualityTools.Tips.UnitTest.Adapter, Version=10.0.0.0, Culture=neutral, PublicKeyToken=b03f5f7f11d50a3a" className="viper_wiki.Controllers.AccountControllerTest, viper-wiki, Version=1.0.0.0, Culture=neutral, PublicKeyToken=null" name="LogOn_Post_ReturnsViewIfModelStateIsInvalid" />
    </UnitTest>
    <UnitTest name="LogOff_LogsOutAndRedirects" storage="c:\users\irina\documents\viper\viper-wiki\csharp\mvcapplication2\viper-wiki\bin\debug\viper-wiki.dll" id="48e14721-341c-ae95-11e2-daadd4d2e741">
      <Execution id="f6575ec6-6f39-4893-b765-18ae5812597d" />
      <TestMethod codeBase="C:/Users/Irina/Documents/VIPER/viper-wiki/csharp/MvcApplication2/viper-wiki/bin/Debug/viper-wiki.DLL" adapterTypeName="Microsoft.VisualStudio.TestTools.TestTypes.Unit.UnitTestAdapter, Microsoft.VisualStudio.QualityTools.Tips.UnitTest.Adapter, Version=10.0.0.0, Culture=neutral, PublicKeyToken=b03f5f7f11d50a3a" className="viper_wiki.Controllers.AccountControllerTest, viper-wiki, Version=1.0.0.0, Culture=neutral, PublicKeyToken=null" name="LogOff_LogsOutAndRedirects" />
    </UnitTest>
    <UnitTest name="LogOn_Post_ReturnsViewIfValidateUserFails" storage="c:\users\irina\documents\viper\viper-wiki\csharp\mvcapplication2\viper-wiki\bin\debug\viper-wiki.dll" id="fba708a9-230b-45e8-d1df-8db936b1ed2c">
      <Execution id="ad5ee207-4983-48f7-a7ad-05cee1f840e4" />
      <TestMethod codeBase="C:/Users/Irina/Documents/VIPER/viper-wiki/csharp/MvcApplication2/viper-wiki/bin/Debug/viper-wiki.DLL" adapterTypeName="Microsoft.VisualStudio.TestTools.TestTypes.Unit.UnitTestAdapter, Microsoft.VisualStudio.QualityTools.Tips.UnitTest.Adapter, Version=10.0.0.0, Culture=neutral, PublicKeyToken=b03f5f7f11d50a3a" className="viper_wiki.Controllers.AccountControllerTest, viper-wiki, Version=1.0.0.0, Culture=neutral, PublicKeyToken=null" name="LogOn_Post_ReturnsViewIfValidateUserFails" />
    </UnitTest>
    <UnitTest name="ChangePassword_Post_ReturnsViewIfModelStateIsInvalid" storage="c:\users\irina\documents\viper\viper-wiki\csharp\mvcapplication2\viper-wiki\bin\debug\viper-wiki.dll" id="3e9bde5a-5e2d-9422-15e8-af1023d291ab">
      <Execution id="5f9883d7-8f89-4c9d-bb35-680d3d0803b3" />
      <TestMethod codeBase="C:/Users/Irina/Documents/VIPER/viper-wiki/csharp/MvcApplication2/viper-wiki/bin/Debug/viper-wiki.DLL" adapterTypeName="Microsoft.VisualStudio.TestTools.TestTypes.Unit.UnitTestAdapter, Microsoft.VisualStudio.QualityTools.Tips.UnitTest.Adapter, Version=10.0.0.0, Culture=neutral, PublicKeyToken=b03f5f7f11d50a3a" className="viper_wiki.Controllers.AccountControllerTest, viper-wiki, Version=1.0.0.0, Culture=neutral, PublicKeyToken=null" name="ChangePassword_Post_ReturnsViewIfModelStateIsInvalid" />
    </UnitTest>
    <UnitTest name="LogOn_Post_ReturnsRedirectOnSuccess_WithoutReturnUrl" storage="c:\users\irina\documents\viper\viper-wiki\csharp\mvcapplication2\viper-wiki\bin\debug\viper-wiki.dll" id="4fedca1c-ada7-dc12-c056-cf6eb6267a2e">
      <Execution id="eb964eb7-bae7-4d8f-8e4b-6aa4e0db7b59" />
      <TestMethod codeBase="C:/Users/Irina/Documents/VIPER/viper-wiki/csharp/MvcApplication2/viper-wiki/bin/Debug/viper-wiki.DLL" adapterTypeName="Microsoft.VisualStudio.TestTools.TestTypes.Unit.UnitTestAdapter, Microsoft.VisualStudio.QualityTools.Tips.UnitTest.Adapter, Version=10.0.0.0, Culture=neutral, PublicKeyToken=b03f5f7f11d50a3a" className="viper_wiki.Controllers.AccountControllerTest, viper-wiki, Version=1.0.0.0, Culture=neutral, PublicKeyToken=null" name="LogOn_Post_ReturnsRedirectOnSuccess_WithoutReturnUrl" />
    </UnitTest>
    <UnitTest name="Register_Get_ReturnsView" storage="c:\users\irina\documents\viper\viper-wiki\csharp\mvcapplication2\viper-wiki\bin\debug\viper-wiki.dll" id="3da2e4c1-4be7-53ca-b426-e442c1933d7d">
      <Execution id="89d6e0f2-0ec5-41bc-a97c-e4408893b61b" />
      <TestMethod codeBase="C:/Users/Irina/Documents/VIPER/viper-wiki/csharp/MvcApplication2/viper-wiki/bin/Debug/viper-wiki.DLL" adapterTypeName="Microsoft.VisualStudio.TestTools.TestTypes.Unit.UnitTestAdapter, Microsoft.VisualStudio.QualityTools.Tips.UnitTest.Adapter, Version=10.0.0.0, Culture=neutral, PublicKeyToken=b03f5f7f11d50a3a" className="viper_wiki.Controllers.AccountControllerTest, viper-wiki, Version=1.0.0.0, Culture=neutral, PublicKeyToken=null" name="Register_Get_ReturnsView" />
    </UnitTest>
    <UnitTest name="Register_Post_ReturnsViewIfRegistrationFails" storage="c:\users\irina\documents\viper\viper-wiki\csharp\mvcapplication2\viper-wiki\bin\debug\viper-wiki.dll" id="6c6a8725-b28a-439f-ffc1-ed926651f669">
      <Execution id="80257f5e-75ba-45bc-be42-0709fcdf564c" />
      <TestMethod codeBase="C:/Users/Irina/Documents/VIPER/viper-wiki/csharp/MvcApplication2/viper-wiki/bin/Debug/viper-wiki.DLL" adapterTypeName="Microsoft.VisualStudio.TestTools.TestTypes.Unit.UnitTestAdapter, Microsoft.VisualStudio.QualityTools.Tips.UnitTest.Adapter, Version=10.0.0.0, Culture=neutral, PublicKeyToken=b03f5f7f11d50a3a" className="viper_wiki.Controllers.AccountControllerTest, viper-wiki, Version=1.0.0.0, Culture=neutral, PublicKeyToken=null" name="Register_Post_ReturnsViewIfRegistrationFails" />
    </UnitTest>
    <UnitTest name="Register_Post_ReturnsRedirectOnSuccess" storage="c:\users\irina\documents\viper\viper-wiki\csharp\mvcapplication2\viper-wiki\bin\debug\viper-wiki.dll" id="7aa717d0-c707-ac55-cc57-5c1b5ca8b912">
      <Execution id="dd1cca71-0dd9-49f1-89d3-77dc1d4ddfdf" />
      <TestMethod codeBase="C:/Users/Irina/Documents/VIPER/viper-wiki/csharp/MvcApplication2/viper-wiki/bin/Debug/viper-wiki.DLL" adapterTypeName="Microsoft.VisualStudio.TestTools.TestTypes.Unit.UnitTestAdapter, Microsoft.VisualStudio.QualityTools.Tips.UnitTest.Adapter, Version=10.0.0.0, Culture=neutral, PublicKeyToken=b03f5f7f11d50a3a" className="viper_wiki.Controllers.AccountControllerTest, viper-wiki, Version=1.0.0.0, Culture=neutral, PublicKeyToken=null" name="Register_Post_ReturnsRedirectOnSuccess" />
    </UnitTest>
    <UnitTest name="ChangePassword_Post_ReturnsViewIfChangePasswordFails" storage="c:\users\irina\documents\viper\viper-wiki\csharp\mvcapplication2\viper-wiki\bin\debug\viper-wiki.dll" id="d30e1d2f-e6cb-e291-81f0-8a714099b544">
      <Execution id="9aceaeb6-be2c-4776-af35-004da1c570d2" />
      <TestMethod codeBase="C:/Users/Irina/Documents/VIPER/viper-wiki/csharp/MvcApplication2/viper-wiki/bin/Debug/viper-wiki.DLL" adapterTypeName="Microsoft.VisualStudio.TestTools.TestTypes.Unit.UnitTestAdapter, Microsoft.VisualStudio.QualityTools.Tips.UnitTest.Adapter, Version=10.0.0.0, Culture=neutral, PublicKeyToken=b03f5f7f11d50a3a" className="viper_wiki.Controllers.AccountControllerTest, viper-wiki, Version=1.0.0.0, Culture=neutral, PublicKeyToken=null" name="ChangePassword_Post_ReturnsViewIfChangePasswordFails" />
    </UnitTest>
    <UnitTest name="LogOn_Get_ReturnsView" storage="c:\users\irina\documents\viper\viper-wiki\csharp\mvcapplication2\viper-wiki\bin\debug\viper-wiki.dll" id="be82c9eb-d59c-4732-8213-e027717f0ea1">
      <Execution id="a7fa5e81-6221-42ba-abd0-6b321bf698d7" />
      <TestMethod codeBase="C:/Users/Irina/Documents/VIPER/viper-wiki/csharp/MvcApplication2/viper-wiki/bin/Debug/viper-wiki.DLL" adapterTypeName="Microsoft.VisualStudio.TestTools.TestTypes.Unit.UnitTestAdapter, Microsoft.VisualStudio.QualityTools.Tips.UnitTest.Adapter, Version=10.0.0.0, Culture=neutral, PublicKeyToken=b03f5f7f11d50a3a" className="viper_wiki.Controllers.AccountControllerTest, viper-wiki, Version=1.0.0.0, Culture=neutral, PublicKeyToken=null" name="LogOn_Get_ReturnsView" />
    </UnitTest>
  </TestDefinitions>
  <TestLists>
    <TestList name="Results Not in a List" id="8c84fa94-04c1-424b-9868-57a2d4851a1d" />
    <TestList name="All Loaded Results" id="19431567-8539-422a-85d7-44ee4e166bda" />
  </TestLists>
  <TestEntries>
    <TestEntry testId="3078c832-02b5-87f6-9974-ff8aad357270" executionId="c701d8ea-72ab-4ade-aba6-3b5faac9308b" testListId="8c84fa94-04c1-424b-9868-57a2d4851a1d" />
    <TestEntry testId="5cba14b5-e5ee-c2b1-a06b-37bed6f93c4a" executionId="a3be8a04-e7bb-4b21-9c2a-72b74adbd095" testListId="8c84fa94-04c1-424b-9868-57a2d4851a1d" />
    <TestEntry testId="d30e1d2f-e6cb-e291-81f0-8a714099b544" executionId="9aceaeb6-be2c-4776-af35-004da1c570d2" testListId="8c84fa94-04c1-424b-9868-57a2d4851a1d" />
    <TestEntry testId="3e9bde5a-5e2d-9422-15e8-af1023d291ab" executionId="5f9883d7-8f89-4c9d-bb35-680d3d0803b3" testListId="8c84fa94-04c1-424b-9868-57a2d4851a1d" />
    <TestEntry testId="a06cb7d7-498c-063d-7c92-66bc6db7094d" executionId="3fd53611-1596-48da-9e0c-70c855543d31" testListId="8c84fa94-04c1-424b-9868-57a2d4851a1d" />
    <TestEntry testId="48e14721-341c-ae95-11e2-daadd4d2e741" executionId="f6575ec6-6f39-4893-b765-18ae5812597d" testListId="8c84fa94-04c1-424b-9868-57a2d4851a1d" />
    <TestEntry testId="be82c9eb-d59c-4732-8213-e027717f0ea1" executionId="a7fa5e81-6221-42ba-abd0-6b321bf698d7" testListId="8c84fa94-04c1-424b-9868-57a2d4851a1d" />
    <TestEntry testId="4fedca1c-ada7-dc12-c056-cf6eb6267a2e" executionId="eb964eb7-bae7-4d8f-8e4b-6aa4e0db7b59" testListId="8c84fa94-04c1-424b-9868-57a2d4851a1d" />
    <TestEntry testId="5133da90-7b3c-2eda-4202-818db91a4da7" executionId="02857f38-b598-4daf-b79f-6ef6a5a43bc7" testListId="8c84fa94-04c1-424b-9868-57a2d4851a1d" />
    <TestEntry testId="75b078fc-0e35-02cc-62cb-6bdefd52e9ce" executionId="d8cdaae2-49db-4e3a-a53f-e56fd890bc7c" testListId="8c84fa94-04c1-424b-9868-57a2d4851a1d" />
    <TestEntry testId="fba708a9-230b-45e8-d1df-8db936b1ed2c" executionId="ad5ee207-4983-48f7-a7ad-05cee1f840e4" testListId="8c84fa94-04c1-424b-9868-57a2d4851a1d" />
    <TestEntry testId="3da2e4c1-4be7-53ca-b426-e442c1933d7d" executionId="89d6e0f2-0ec5-41bc-a97c-e4408893b61b" testListId="8c84fa94-04c1-424b-9868-57a2d4851a1d" />
    <TestEntry testId="7aa717d0-c707-ac55-cc57-5c1b5ca8b912" executionId="dd1cca71-0dd9-49f1-89d3-77dc1d4ddfdf" testListId="8c84fa94-04c1-424b-9868-57a2d4851a1d" />
    <TestEntry testId="6c6a8725-b28a-439f-ffc1-ed926651f669" executionId="80257f5e-75ba-45bc-be42-0709fcdf564c" testListId="8c84fa94-04c1-424b-9868-57a2d4851a1d" />
    <TestEntry testId="bd3d8429-1fcc-7793-6a46-984fc66b3726" executionId="ff240b57-2ad0-4ddb-9f94-fa5553a8439b" testListId="8c84fa94-04c1-424b-9868-57a2d4851a1d" />
    <TestEntry testId="293f5a52-3520-c72e-870f-9e93a0146d1c" executionId="14f81b59-6bc4-4ada-b18e-5f3f18efe786" testListId="8c84fa94-04c1-424b-9868-57a2d4851a1d" />
    <TestEntry testId="5955a081-a4aa-b278-56a4-81adc5da6ec2" executionId="2d4cdfbe-d5dc-425a-920b-f670050dc2ca" testListId="8c84fa94-04c1-424b-9868-57a2d4851a1d" />
  </TestEntries>
  <Results>
    <UnitTestResult executionId="c701d8ea-72ab-4ade-aba6-3b5faac9308b" testId="3078c832-02b5-87f6-9974-ff8aad357270" testName="ChangePassword_Get_ReturnsView" computerName="IPC" duration="00:00:00.0645008" startTime="2010-10-20T11:12:02.6397409+02:00" endTime="2010-10-20T11:12:04.2018302+02:00" testType="13cdc9d9-ddb5-4fa4-a97d-d965ccfc6d4b" outcome="Passed" testListId="8c84fa94-04c1-424b-9868-57a2d4851a1d" relativeResultsDirectory="c701d8ea-72ab-4ade-aba6-3b5faac9308b">
    </UnitTestResult>
    <UnitTestResult executionId="a3be8a04-e7bb-4b21-9c2a-72b74adbd095" testId="5cba14b5-e5ee-c2b1-a06b-37bed6f93c4a" testName="ChangePassword_Post_ReturnsRedirectOnSuccess" computerName="IPC" duration="00:00:00.0208587" startTime="2010-10-20T11:12:04.2838349+02:00" endTime="2010-10-20T11:12:04.3638395+02:00" testType="13cdc9d9-ddb5-4fa4-a97d-d965ccfc6d4b" outcome="Passed" testListId="8c84fa94-04c1-424b-9868-57a2d4851a1d" relativeResultsDirectory="a3be8a04-e7bb-4b21-9c2a-72b74adbd095">
    </UnitTestResult>
    <UnitTestResult executionId="9aceaeb6-be2c-4776-af35-004da1c570d2" testId="d30e1d2f-e6cb-e291-81f0-8a714099b544" testName="ChangePassword_Post_ReturnsViewIfChangePasswordFails" computerName="IPC" duration="00:00:00.0037290" startTime="2010-10-20T11:12:04.4208427+02:00" endTime="2010-10-20T11:12:04.4428440+02:00" testType="13cdc9d9-ddb5-4fa4-a97d-d965ccfc6d4b" outcome="Passed" testListId="8c84fa94-04c1-424b-9868-57a2d4851a1d" relativeResultsDirectory="9aceaeb6-be2c-4776-af35-004da1c570d2">
    </UnitTestResult>
    <UnitTestResult executionId="5f9883d7-8f89-4c9d-bb35-680d3d0803b3" testId="3e9bde5a-5e2d-9422-15e8-af1023d291ab" testName="ChangePassword_Post_ReturnsViewIfModelStateIsInvalid" computerName="IPC" duration="00:00:00.0010982" startTime="2010-10-20T11:12:04.4658453+02:00" endTime="2010-10-20T11:12:04.4908467+02:00" testType="13cdc9d9-ddb5-4fa4-a97d-d965ccfc6d4b" outcome="Passed" testListId="8c84fa94-04c1-424b-9868-57a2d4851a1d" relativeResultsDirectory="5f9883d7-8f89-4c9d-bb35-680d3d0803b3">
    </UnitTestResult>
    <UnitTestResult executionId="3fd53611-1596-48da-9e0c-70c855543d31" testId="a06cb7d7-498c-063d-7c92-66bc6db7094d" testName="ChangePasswordSuccess_ReturnsView" computerName="IPC" duration="00:00:00.0004547" startTime="2010-10-20T11:12:04.4988472+02:00" endTime="2010-10-20T11:12:04.5188484+02:00" testType="13cdc9d9-ddb5-4fa4-a97d-d965ccfc6d4b" outcome="Passed" testListId="8c84fa94-04c1-424b-9868-57a2d4851a1d" relativeResultsDirectory="3fd53611-1596-48da-9e0c-70c855543d31">
    </UnitTestResult>
    <UnitTestResult executionId="f6575ec6-6f39-4893-b765-18ae5812597d" testId="48e14721-341c-ae95-11e2-daadd4d2e741" testName="LogOff_LogsOutAndRedirects" computerName="IPC" duration="00:00:00.0011470" startTime="2010-10-20T11:12:04.5408496+02:00" endTime="2010-10-20T11:12:04.5558505+02:00" testType="13cdc9d9-ddb5-4fa4-a97d-d965ccfc6d4b" outcome="Passed" testListId="8c84fa94-04c1-424b-9868-57a2d4851a1d" relativeResultsDirectory="f6575ec6-6f39-4893-b765-18ae5812597d">
    </UnitTestResult>
    <UnitTestResult executionId="a7fa5e81-6221-42ba-abd0-6b321bf698d7" testId="be82c9eb-d59c-4732-8213-e027717f0ea1" testName="LogOn_Get_ReturnsView" computerName="IPC" duration="00:00:00.0004429" startTime="2010-10-20T11:12:04.5818520+02:00" endTime="2010-10-20T11:12:04.5948527+02:00" testType="13cdc9d9-ddb5-4fa4-a97d-d965ccfc6d4b" outcome="Passed" testListId="8c84fa94-04c1-424b-9868-57a2d4851a1d" relativeResultsDirectory="a7fa5e81-6221-42ba-abd0-6b321bf698d7">
    </UnitTestResult>
    <UnitTestResult executionId="eb964eb7-bae7-4d8f-8e4b-6aa4e0db7b59" testId="4fedca1c-ada7-dc12-c056-cf6eb6267a2e" testName="LogOn_Post_ReturnsRedirectOnSuccess_WithoutReturnUrl" computerName="IPC" duration="00:00:00.0023264" startTime="2010-10-20T11:12:04.6108536+02:00" endTime="2010-10-20T11:12:04.6278546+02:00" testType="13cdc9d9-ddb5-4fa4-a97d-d965ccfc6d4b" outcome="Passed" testListId="8c84fa94-04c1-424b-9868-57a2d4851a1d" relativeResultsDirectory="eb964eb7-bae7-4d8f-8e4b-6aa4e0db7b59">
    </UnitTestResult>
    <UnitTestResult executionId="02857f38-b598-4daf-b79f-6ef6a5a43bc7" testId="5133da90-7b3c-2eda-4202-818db91a4da7" testName="LogOn_Post_ReturnsRedirectOnSuccess_WithReturnUrl" computerName="IPC" duration="00:00:00.0016777" startTime="2010-10-20T11:12:04.6448556+02:00" endTime="2010-10-20T11:12:04.6598564+02:00" testType="13cdc9d9-ddb5-4fa4-a97d-d965ccfc6d4b" outcome="Passed" testListId="8c84fa94-04c1-424b-9868-57a2d4851a1d" relativeResultsDirectory="02857f38-b598-4daf-b79f-6ef6a5a43bc7">
    </UnitTestResult>
    <UnitTestResult executionId="d8cdaae2-49db-4e3a-a53f-e56fd890bc7c" testId="75b078fc-0e35-02cc-62cb-6bdefd52e9ce" testName="LogOn_Post_ReturnsViewIfModelStateIsInvalid" computerName="IPC" duration="00:00:00.0004870" startTime="2010-10-20T11:12:04.6708570+02:00" endTime="2010-10-20T11:12:04.6838578+02:00" testType="13cdc9d9-ddb5-4fa4-a97d-d965ccfc6d4b" outcome="Passed" testListId="8c84fa94-04c1-424b-9868-57a2d4851a1d" relativeResultsDirectory="d8cdaae2-49db-4e3a-a53f-e56fd890bc7c">
    </UnitTestResult>
    <UnitTestResult executionId="ad5ee207-4983-48f7-a7ad-05cee1f840e4" testId="fba708a9-230b-45e8-d1df-8db936b1ed2c" testName="LogOn_Post_ReturnsViewIfValidateUserFails" computerName="IPC" duration="00:00:00.0006369" startTime="2010-10-20T11:12:04.6978586+02:00" endTime="2010-10-20T11:12:04.7108593+02:00" testType="13cdc9d9-ddb5-4fa4-a97d-d965ccfc6d4b" outcome="Passed" testListId="8c84fa94-04c1-424b-9868-57a2d4851a1d" relativeResultsDirectory="ad5ee207-4983-48f7-a7ad-05cee1f840e4">
    </UnitTestResult>
    <UnitTestResult executionId="89d6e0f2-0ec5-41bc-a97c-e4408893b61b" testId="3da2e4c1-4be7-53ca-b426-e442c1933d7d" testName="Register_Get_ReturnsView" computerName="IPC" duration="00:00:00.0006153" startTime="2010-10-20T11:12:04.7218600+02:00" endTime="2010-10-20T11:12:04.7348607+02:00" testType="13cdc9d9-ddb5-4fa4-a97d-d965ccfc6d4b" outcome="Passed" testListId="8c84fa94-04c1-424b-9868-57a2d4851a1d" relativeResultsDirectory="89d6e0f2-0ec5-41bc-a97c-e4408893b61b">
    </UnitTestResult>
    <UnitTestResult executionId="dd1cca71-0dd9-49f1-89d3-77dc1d4ddfdf" testId="7aa717d0-c707-ac55-cc57-5c1b5ca8b912" testName="Register_Post_ReturnsRedirectOnSuccess" computerName="IPC" duration="00:00:00.0021621" startTime="2010-10-20T11:12:04.7458613+02:00" endTime="2010-10-20T11:12:04.7638624+02:00" testType="13cdc9d9-ddb5-4fa4-a97d-d965ccfc6d4b" outcome="Passed" testListId="8c84fa94-04c1-424b-9868-57a2d4851a1d" relativeResultsDirectory="dd1cca71-0dd9-49f1-89d3-77dc1d4ddfdf">
    </UnitTestResult>
    <UnitTestResult executionId="80257f5e-75ba-45bc-be42-0709fcdf564c" testId="6c6a8725-b28a-439f-ffc1-ed926651f669" testName="Register_Post_ReturnsViewIfRegistrationFails" computerName="IPC" duration="00:00:00.0008740" startTime="2010-10-20T11:12:04.7778632+02:00" endTime="2010-10-20T11:12:04.7908639+02:00" testType="13cdc9d9-ddb5-4fa4-a97d-d965ccfc6d4b" outcome="Passed" testListId="8c84fa94-04c1-424b-9868-57a2d4851a1d" relativeResultsDirectory="80257f5e-75ba-45bc-be42-0709fcdf564c">
    </UnitTestResult>
    <UnitTestResult executionId="ff240b57-2ad0-4ddb-9f94-fa5553a8439b" testId="bd3d8429-1fcc-7793-6a46-984fc66b3726" testName="Register_Post_ReturnsViewIfModelStateIsInvalid" computerName="IPC" duration="00:00:00.0005794" startTime="2010-10-20T11:12:04.8118651+02:00" endTime="2010-10-20T11:12:04.8258659+02:00" testType="13cdc9d9-ddb5-4fa4-a97d-d965ccfc6d4b" outcome="Passed" testListId="8c84fa94-04c1-424b-9868-57a2d4851a1d" relativeResultsDirectory="ff240b57-2ad0-4ddb-9f94-fa5553a8439b">
    </UnitTestResult>
    <UnitTestResult executionId="14f81b59-6bc4-4ada-b18e-5f3f18efe786" testId="293f5a52-3520-c72e-870f-9e93a0146d1c" testName="Index" computerName="IPC" duration="00:00:00.0009335" startTime="2010-10-20T11:12:04.8378666+02:00" endTime="2010-10-20T11:12:04.8538675+02:00" testType="13cdc9d9-ddb5-4fa4-a97d-d965ccfc6d4b" outcome="Passed" testListId="8c84fa94-04c1-424b-9868-57a2d4851a1d" relativeResultsDirectory="14f81b59-6bc4-4ada-b18e-5f3f18efe786">
    </UnitTestResult>
    <UnitTestResult executionId="2d4cdfbe-d5dc-425a-920b-f670050dc2ca" testId="5955a081-a4aa-b278-56a4-81adc5da6ec2" testName="About" computerName="IPC" duration="00:00:00.0004162" startTime="2010-10-20T11:12:04.8648681+02:00" endTime="2010-10-20T11:12:04.8788689+02:00" testType="13cdc9d9-ddb5-4fa4-a97d-d965ccfc6d4b" outcome="Passed" testListId="8c84fa94-04c1-424b-9868-57a2d4851a1d" relativeResultsDirectory="2d4cdfbe-d5dc-425a-920b-f670050dc2ca">
    </UnitTestResult>
  </Results>
</TestRun>